// Jest Snapshot v1, https://goo.gl/fbAQLP

exports[`account initial state should match snapshot 1`] = `
Object {
  "address": Object {},
  "avatar": Object {},
  "cafeSessions": Object {
    "processing": false,
    "sessions": Array [],
  },
  "chosenProfilePhoto": Object {},
  "initialized": false,
  "peerId": Object {},
  "profile": Object {
    "processing": true,
  },
  "recoveryPhrase": "",
}
`;
