// Jest Snapshot v1, https://goo.gl/fbAQLP

exports[`feed initial state should match snapshot 1`] = `
Object {
  "groups": Object {},
}
`;
