// Jest Snapshot v1, https://goo.gl/fbAQLP

exports[`queried photos stories initial state should match snapshot 1`] = `
Object {
  "initialized": false,
  "queriedPhotos": Object {},
  "querying": false,
}
`;
