// Jest Snapshot v1, https://goo.gl/fbAQLP

exports[`notifications stories initial state should match snapshot 1`] = `
Object {
  "notifications": Array [],
  "refreshing": false,
}
`;
