// Jest Snapshot v1, https://goo.gl/fbAQLP

exports[`preferences stories initial state should match snapshot 1`] = `
Object {
  "onboarded": false,
  "services": Object {
    "ACCOUNT_PEER_JOINED": Object {
      "status": false,
    },
    "COMMENT_ADDED": Object {
      "status": true,
    },
    "FILES_ADDED": Object {
      "status": true,
    },
    "INVITE_RECEIVED": Object {
      "status": true,
    },
    "LIKE_ADDED": Object {
      "status": true,
    },
    "PEER_JOINED": Object {
      "status": false,
    },
    "PEER_LEFT": Object {
      "status": false,
    },
    "notifications": Object {
      "status": false,
    },
  },
  "storage": Object {
    "autoPinPhotos": Object {
      "status": false,
    },
    "deleteDeviceCopy": Object {
      "status": false,
    },
    "enablePhotoBackup": Object {
      "status": false,
    },
    "enableWalletBackup": Object {
      "status": false,
    },
    "storeHighRes": Object {
      "status": false,
    },
  },
  "tourScreens": Object {
    "feed": true,
    "notifications": true,
    "threadView": true,
    "threads": true,
    "threadsManager": true,
    "wallet": true,
  },
  "verboseUi": false,
  "verboseUiOptions": Object {
    "nodeErrorNotifications": true,
    "nodeStateNotifications": true,
    "nodeStateOverlay": true,
  },
  "viewSettings": Object {
    "selectedWalletTab": "Groups",
  },
}
`;
