// Jest Snapshot v1, https://goo.gl/fbAQLP

exports[`processing messages initial state should match snapshot 1`] = `
Object {
  "groups": Object {},
}
`;
