// Jest Snapshot v1, https://goo.gl/fbAQLP

exports[`ui stories initial state should match snapshot 1`] = `
Object {
  "likingPhotos": Object {},
}
`;
