// Jest Snapshot v1, https://goo.gl/fbAQLP

exports[`notifications enable should fire notification lib successfully 1`] = `undefined`;
